---
source: tests/graphql/mutations/user/test.rs
assertion_line: 70
expression: "graphql_req(&app, req_body).await"

---
{
  "data": {
    "addUser": {
      "errors": [
        {
          "field": "name",
          "message": "given empty value"
        }
      ]
    }
  }
}
